Error in 43
Error in 44
Error in 90
Error in 91
Error in 92
Error in 93
Error in 94
Error in 95
Error in 96
Error in 97
Error in 98
Error in 99
Error in 143
Error in 144
Error in 190
Error in 191
Error in 192
Error in 193
Error in 194
Error in 195
Error in 196
Error in 197
Error in 198
Error in 199
Error in 243
Error in 244
Error in 290
Error in 291
Error in 292
Error in 293
Error in 294
Error in 295
Error in 296
Error in 297
Error in 298
Error in 299
Error in 343
Error in 344
Error in 390
Error in 391
Error in 392
Error in 393
Error in 394
Error in 395
Error in 396
Error in 397
Error in 398
Error in 399
Error in 400
Error in 401
Error in 402
Error in 403
Error in 404
Error in 405
Error in 406
Error in 407
Error in 408
Error in 409
Error in 410
Error in 411
Error in 412
Error in 413
Error in 414
Error in 415
Error in 416
Error in 417
Error in 418
Error in 419
Error in 420
Error in 421
Error in 422
Error in 423
Error in 424
Error in 425
Error in 426
Error in 427
Error in 428
Error in 429
Error in 430
Error in 431
Error in 432
Error in 433
Error in 434
Error in 435
Error in 436
Error in 437
Error in 438
Error in 439
Error in 440
Error in 441
Error in 442
Error in 443
Error in 444
Error in 445
Error in 446
Error in 447
Error in 448
Error in 449
Error in 450
Error in 451
Error in 452
Error in 453
Error in 454
Error in 455
Error in 456
Error in 457
Error in 458
Error in 459
Error in 460
Error in 461
Error in 462
Error in 463
Error in 464
Error in 465
Error in 466
Error in 467
Error in 468
Error in 469
Error in 470
Error in 471
Error in 472
Error in 473
Error in 474
Error in 475
Error in 476
Error in 477
Error in 478
Error in 479
Error in 480
Error in 481
Error in 482
Error in 483
Error in 484
Error in 485
Error in 486
Error in 487
Error in 488
Error in 489
Error in 490
Error in 491
Error in 492
Error in 493
Error in 494
Error in 495
Error in 496
Error in 497
Error in 498
Error in 499
Error in 543
Error in 544
Error in 590
Error in 591
Error in 592
Error in 593
Error in 594
Error in 595
Error in 596
Error in 597
Error in 598
Error in 599
Error in 643
Error in 644
Error in 690
Error in 691
Error in 692
Error in 693
Error in 694
Error in 695
Error in 696
Error in 697
Error in 698
Error in 699
Error in 743
Error in 744
Error in 790
Error in 791
Error in 792
Error in 793
Error in 794
Error in 795
Error in 796
Error in 797
Error in 798
Error in 799
Error in 843
Error in 844
Error in 890
Error in 891
Error in 892
Error in 893
Error in 894
Error in 895
Error in 896
Error in 897
Error in 898
Error in 899
Error in 943
Error in 944
Error in 990
Error in 991
Error in 992
Error in 993
Error in 994
Error in 995
Error in 996
Error in 997
Error in 998
Error in 999
End
